c:\github\cis_265_projects\module_8\programming_file\programming_file\x64\debug\vc143.pdb
c:\github\cis_265_projects\module_8\programming_file\programming_file\x64\debug\vc143.idb
c:\github\cis_265_projects\module_8\programming_file\programming_file\x64\debug\programming_file.obj
c:\github\cis_265_projects\module_8\programming_file\programming_file\x64\debug\programming_file.ilk
c:\github\cis_265_projects\module_8\programming_file\x64\debug\programming_file.pdb
c:\github\cis_265_projects\module_8\programming_file\programming_file\x64\debug\programming_file.tlog\cl.command.1.tlog
c:\github\cis_265_projects\module_8\programming_file\programming_file\x64\debug\programming_file.tlog\cl.items.tlog
c:\github\cis_265_projects\module_8\programming_file\programming_file\x64\debug\programming_file.tlog\cl.read.1.tlog
c:\github\cis_265_projects\module_8\programming_file\programming_file\x64\debug\programming_file.tlog\cl.write.1.tlog
c:\github\cis_265_projects\module_8\programming_file\programming_file\x64\debug\programming_file.tlog\link-cvtres.read.1.tlog
c:\github\cis_265_projects\module_8\programming_file\programming_file\x64\debug\programming_file.tlog\link-cvtres.write.1.tlog
c:\github\cis_265_projects\module_8\programming_file\programming_file\x64\debug\programming_file.tlog\link-rc.read.1.tlog
c:\github\cis_265_projects\module_8\programming_file\programming_file\x64\debug\programming_file.tlog\link-rc.write.1.tlog
c:\github\cis_265_projects\module_8\programming_file\programming_file\x64\debug\programming_file.tlog\link.2676-cvtres.read.1.tlog
c:\github\cis_265_projects\module_8\programming_file\programming_file\x64\debug\programming_file.tlog\link.2676-cvtres.write.1.tlog
c:\github\cis_265_projects\module_8\programming_file\programming_file\x64\debug\programming_file.tlog\link.2676-rc.read.1.tlog
c:\github\cis_265_projects\module_8\programming_file\programming_file\x64\debug\programming_file.tlog\link.2676-rc.write.1.tlog
c:\github\cis_265_projects\module_8\programming_file\programming_file\x64\debug\programming_file.tlog\link.2676.read.1.tlog
c:\github\cis_265_projects\module_8\programming_file\programming_file\x64\debug\programming_file.tlog\link.2676.read.2.tlog
c:\github\cis_265_projects\module_8\programming_file\programming_file\x64\debug\programming_file.tlog\link.2676.read.3.tlog
c:\github\cis_265_projects\module_8\programming_file\programming_file\x64\debug\programming_file.tlog\link.2676.read.5.tlog
c:\github\cis_265_projects\module_8\programming_file\programming_file\x64\debug\programming_file.tlog\link.2676.write.1.tlog
c:\github\cis_265_projects\module_8\programming_file\programming_file\x64\debug\programming_file.tlog\link.command.1.tlog
c:\github\cis_265_projects\module_8\programming_file\programming_file\x64\debug\programming_file.tlog\link.read.1.tlog
c:\github\cis_265_projects\module_8\programming_file\programming_file\x64\debug\programming_file.tlog\link.read.2.tlog
c:\github\cis_265_projects\module_8\programming_file\programming_file\x64\debug\programming_file.tlog\link.read.3.tlog
c:\github\cis_265_projects\module_8\programming_file\programming_file\x64\debug\programming_file.tlog\link.read.4.tlog
c:\github\cis_265_projects\module_8\programming_file\programming_file\x64\debug\programming_file.tlog\link.read.5.tlog
c:\github\cis_265_projects\module_8\programming_file\programming_file\x64\debug\programming_file.tlog\link.secondary.1.tlog
c:\github\cis_265_projects\module_8\programming_file\programming_file\x64\debug\programming_file.tlog\link.write.1.tlog
